// Jest Snapshot v1, https://goo.gl/fbAQLP

exports[`Test <Block> matches snapshot 1`] = `
<div
  className="block col s11 m5 l5 mined-block"
>
  <div>
    <div
      className="block-header"
    >
      <span
        className="block-title"
      >
        Block #
        2
      </span>
      <br />
      <span>
        Status: 
        Good
      </span>
    </div>
    <div
      className="input-field"
    >
      <input
        className="block-field"
        disabled={true}
        id="guid"
        type="text"
      />
      <label
        className="active"
      >
        GUID
      </label>
    </div>
    <div
      className="input-field"
    >
      <textarea
        className="materialize-textarea hash-textarea"
        id="parent"
        readOnly={true}
        value="0000"
      />
      <label
        className="active"
      >
        Parent
      </label>
    </div>
    <div>
      <div
        className="input-field"
      >
        <input
          className="block-field"
          id="checkId-1"
          onChange={[Function]}
          type="text"
          value="check-id"
        />
        <label
          className="active"
          htmlFor="checkId-1"
        >
          Check ID
        </label>
      </div>
      <div
        className="input-field"
      >
        <textarea
          className="materialize-textarea data-textarea"
          id="checkItems-1"
          onChange={[Function]}
        >
          check-items
        </textarea>
        <label
          className="active"
          htmlFor="checkItems-1"
        >
          Items
        </label>
      </div>
      <div
        className="input-field"
      >
        <input
          className="block-field"
          id="checkCost-1"
          onChange={[Function]}
          step="any"
          type="number"
          value={10.05}
        />
        <label
          className="active"
          htmlFor="checkCost-1"
        >
          Cost
        </label>
      </div>
      <div
        className="input-field"
      >
        <input
          className="block-field"
          id="checkTip-1"
          onChange={[Function]}
          step="any"
          type="number"
          value={1.05}
        />
        <label
          className="active"
          htmlFor="checkTip-1"
        >
          Tip
        </label>
      </div>
    </div>
    <div
      className="input-field"
    >
      <input
        className="block-field"
        disabled={true}
        id="nonce"
        type="text"
        value={100}
      />
      <label
        className="active"
      >
        Nonce
      </label>
    </div>
    <div
      className="input-field"
    >
      <textarea
        className="materialize-textarea hash-textarea"
        id="hash"
        readOnly={true}
        value="1234567890abcdef"
      />
      <label
        className="active"
      >
        Hash
      </label>
    </div>
    <button
      className="waves-effect waves-light btn mine-btn green darken-1"
      onClick={[Function]}
    >
      Mine
    </button>
  </div>
</div>
`;
