// Jest Snapshot v1, https://goo.gl/fbAQLP

exports[`Test <BlockDataContent> matches snapshot on render 1`] = `
<div>
  <div
    className="input-field"
  >
    <input
      className="block-field"
      id="checkId-test-id"
      onChange={[Function]}
      type="text"
      value="check-id"
    />
    <label
      className="active"
      htmlFor="checkId-test-id"
    >
      Check ID
    </label>
  </div>
  <div
    className="input-field"
  >
    <textarea
      className="materialize-textarea data-textarea"
      id="checkItems-test-id"
      onChange={[Function]}
    >
      check-items
    </textarea>
    <label
      className="active"
      htmlFor="checkItems-test-id"
    >
      Items
    </label>
  </div>
  <div
    className="input-field"
  >
    <input
      className="block-field"
      id="checkCost-test-id"
      onChange={[Function]}
      step="any"
      type="number"
      value={10.04}
    />
    <label
      className="active"
      htmlFor="checkCost-test-id"
    >
      Cost
    </label>
  </div>
  <div
    className="input-field"
  >
    <input
      className="block-field"
      id="checkTip-test-id"
      onChange={[Function]}
      step="any"
      type="number"
      value={1.05}
    />
    <label
      className="active"
      htmlFor="checkTip-test-id"
    >
      Tip
    </label>
  </div>
</div>
`;
